// Jest Snapshot v1, https://goo.gl/fbAQLP

exports[`Pruebas de GifExpertApp debe renderizar el GifExpertApp 1`] = `
<Fragment>
  <h2>
    GifExpertApp
  </h2>
  <AddCategory
    setCategory={[Function]}
  />
  <hr />
  <ol />
</Fragment>
`;
